// Jest Snapshot v1, https://goo.gl/fbAQLP

exports[`Pruebas en <firstApp/> Debe de compaginar con mi componente 1`] = `
<div>
  <h1>
    Hola soy Goku
  </h1>
  <p>
    No hay subtitulo
  </p>
  <p>
    Laura
  </p>
  <p>
    Hola Laura
  </p>
  <div>
    <ul>
      <li>
        Nombre
      </li>
      <li>
        Apellido
      </li>
    </ul>
  </div>
</div>
`;
